Saaaaaaaaaaaaaddddddddddddddddaaaaaaaaacccccccccccccccccaaaaaaaaaaaddddddddccccccccccdddddddaaaaaaaaaaaaaaaaaabbbbbbbbbbbbbbbbbbbbaaaaaaaaaaaabbbbbbbbbbbbbbbbbbb
aSaaaaaaaaaaaaddddddddddddddddaaaaaaaaacccccccccccccccccaaaaaaaaaaaddddddddccccccccccdddddddaaaaaaaaaaaaaaaaaabbbbbbbbbbbbbbbbbbbbaaaaaaaaaaaabbbbbbbbbbbbbbbbbbb
aaSaaaaaaaaaaaddddddddddddddddaaaaaaaaacccccccccccccccccaaaaaaaaaaaddddddddccccccccccdddddddaaaaaaaaaaaaaaaaaabbbbbbbbbbbbbbbbbbbbaaaaaaaaaaaabbbbbbbbbbbbbbbbbbb
aaaSaaaaaaaaaaddddddddddddddddaaaaaaaaacccccccccccccccccaaaaaaaaaaaddddddddccccccccccdddddddaaaaaaaaaaaaaaaaaabbbbbbbbbbbbbbbbbbbbaaaaaaaaaaaabbbbbbbbbbbbbbbbbbb
aaaaSaaaaaaaaaddddddddddddddddaaaaaaaaacccccccccccccccccaaaaaaaaaaaddddddddccccccccccdddddddaaaaaaaaaaaaaaaaaabbbbbbbbbbbbbbbbbbbbaaaaaaaaaaaabbbbbbbbbbbbbbbbbbb
aaaaaSaaaaaaaaddddddddddddddddaaaaaaaaacccccccccccccccccaaaaaaaaaaaddddddddccccccccccdddddddaaaaaaaaaaaaaaaaaabbbbbbbbbbbbbbbbbbbbaaaaaaaaaaaabbbbbbbbbbbbbbbbbbb
aaaaaaSaaaaaaaddddddddddddddddaaaaaaaaacccccccccccccccccaaaaaaaaaaaddddddddccccccccccdddddddaaaaaaaaaaaaaaaaaabbbbbbbbbbbbbbbbbbbbaaaaaaaaaaaabbbbbbbbbbbbbbbbbbb
aaaaaaaSaaaaaaddddddddddddddddaaaaaaaaacccccccccccccccccaaaaaaaaaaaddddddddccccccccccdddddddaaaaaaaaaaaaaaaaaabbbbbbbbbbbbbbbbbbbbaaaaaaaaaaaabbbbbbbbbbbbbbbbbbb
aaaaaaaaSaaaaaddddddddddddddddaaaaaaaaacccccccccccccccccaaaaaaaaaaaddddddddccccccccccdddddddaaaaaaaaaaaaaaaaaabbbbbbbbbbbbbbbbbbbbaaaaaaaaaaaabbbbbbbbbbbbbbbbbbb
aaaaaaaaaSaaaaddddddddddddddddaaaaaaaaacccccccccccccccccaaaaaaaaaaaddddddddccccccccccdddddddaaaaaaaaaaaaaaaaaabbbbbbbbbbbbbbbbbbbbaaaaaaaaaaaabbbbbbbbbbbbbbbbbbb
aaaaaaaaaaSaaaddddddddddddddddaaaaaaaaacccccccccccccccccaaaaaaaaaaaddddddddccccccccccdddddddaaaaaaaaaaaaaaaaaabbbbbbbbbbbbbbbbbbbbaaaaaaaaaaaabbbbbbbbbbbbbbbbbbb
aaaaaaaaaaaSaaddddddddddddddddaaaaaaaaacccccccccccccccccaaaaaaaaaaaddddddddccccccccccdddddddaaaaaaaaaaaaaaaaaabbbbbbbbbbbbbbbbbbbbaaaaaaaaaaaabbbbbbbbbbbbbbbbbbb
aaaaaaaaaaaaSaddddddddddddddddaaaaaaaaacccccccccccccccccaaaaaaaaaaaddddddddccccccccccdddddddaaaaaaaaaaaaaaaaaabbbbbbbbbbbbbbbbbbbbaaaaaaaaaaaabbbbbbbbbbbbbbbbbbb
aaaaaaaaaaaaaSddddddddddddddddaaaaaaaaacccccccccccccccccaaaaaaaaaaaddddddddccccccccccdddddddaaaaaaaaaaaaaaaaaabbbbbbbbbbbbbbbbbbbbaaaaaaaaaaaabbbbbbbbbbbbbbbbbbb
aaaaaaaaaaaaadSdddddddddddddddaaaaaaaaacccccccccccccccccaaaaaaaaaaaddddddddccccccccccdddddddaaaaaaaaaaaaaaaaaabbbbbbbbbbbbbbbbbbbbaaaaaaaaaaaabbbbbbbbbbbbbbbbbbb
aaaaaaaaaaaaaddSddddddddddddddaaaaaaaaacccccccccccccccccaaaaaaaaaaaddddddddccccccccccdddddddaaaaaaaaaaaaaaaaaabbbbbbbbbbbbbbbbbbbbaaaaaaaaaaaabbbbbbbbbbbbbbbbbbb
aaaaaaaaaaaaadddSdddddddddddddaaaaaaaaacccccccccccccccccaaaaaaaaaaaddddddddccccccccccdddddddaaaaaaaaaaaaaaaaaabbbbbbbbbbbbbbbbbbbbaaaaaaaaaaaabbbbbbbbbbbbbbbbbbb
aaaaaaaaaaaaaddddSddddddddddddaaaaaaaaacccccccccccccccccaaaaaaaaaaaddddddddccccccccccdddddddaaaaaaaaaaaaaaaaaabbbbbbbbbbbbbbbbbbbbaaaaaaaaaaaabbbbbbbbbbbbbbbbbbb
aaaaaaaaaaaaadddddSdddddddddddaaaaaaaaacccccccccccccccccaaaaaaaaaaaddddddddccccccccccdddddddaaaaaaaaaaaaaaaaaabbbbbbbbbbbbbbbbbbbbaaaaaaaaaaaabbbbbbbbbbbbbbbbbbb
aaaaaaaaaaaaaddddddSddddddddddaaaaaaaaacccccccccccccccccaaaaaaaaaaaddddddddccccccccccdddddddaaaaaaaaaaaaaaaaaabbbbbbbbbbbbbbbbbbbbaaaaaaaaaaaabbbbbbbbbbbbbbbbbbb
aaaaaaaaaaaaadddddddSdddddddddaaaaaaaaacccccccccccccccccaaaaaaaaaaaddddddddccccccccccdddddddaaaaaaaaaaaaaaaaaabbbbbbbbbbbbbbbbbbbbaaaaaaaaaaaabbbbbbbbbbbbbbbbbbb
aaaaaaaaaaaaaddddddddSddddddddaaaaaaaaacccccccccccccccccaaaaaaaaaaaddddddddccccccccccdddddddaaaaaaaaaaaaaaaaaabbbbbbbbbbbbbbbbbbbbaaaaaaaaaaaabbbbbbbbbbbbbbbbbbb
aaaaaaaaaaaaadddddddddSdddddddaaaaaaaaacccccccccccccccccaaaaaaaaaaaddddddddccccccccccdddddddaaaaaaaaaaaaaaaaaabbbbbbbbbbbbbbbbbbbbaaaaaaaaaaaabbbbbbbbbbbbbbbbbbb
aaaaaaaaaaaaaddddddddddSddddddaaaaaaaaacccccccccccccccccaaaaaaaaaaaddddddddccccccccccdddddddaaaaaaaaaaaaaaaaaabbbbbbbbbbbbbbbbbbbbaaaaaaaaaaaabbbbbbbbbbbbbbbbbbb
aaaaaaaaaaaaadddddddddddSdddddaaaaaaaaacccccccccccccccccaaaaaaaaaaaddddddddccccccccccdddddddaaaaaaaaaaaaaaaaaabbbbbbbbbbbbbbbbbbbbaaaaaaaaaaaabbbbbbbbbbbbbbbbbbb
aaaaaaaaaaaaaddddddddddddSddddaaaaaaaaacccccccccccccccccaaaaaaaaaaaddddddddccccccccccdddddddaaaaaaaaaaaaaaaaaabbbbbbbbbbbbbbbbbbbbaaaaaaaaaaaabbbbbbbbbbbbbbbbbbb
aaaaaaaaaaaaadddddddddddddSdddaaaaaaaaacccccccccccccccccaaaaaaaaaaaddddddddccccccccccdddddddaaaaaaaaaaaaaaaaaabbbbbbbbbbbbbbbbbbbbaaaaaaaaaaaabbbbbbbbbbbbbbbbbbb
aaaaaaaaaaaaaddddddddddddddSddaaaaaaaaacccccccccccccccccaaaaaaaaaaaddddddddccccccccccdddddddaaaaaaaaaaaaaaaaaabbbbbbbbbbbbbbbbbbbbaaaaaaaaaaaabbbbbbbbbbbbbbbbbbb
aaaaaaaaaaaaadddddddddddddddSdaaaaaaaaacccccccccccccccccaaaaaaaaaaaddddddddccccccccccdddddddaaaaaaaaaaaaaaaaaabbbbbbbbbbbbbbbbbbbbaaaaaaaaaaaabbbbbbbbbbbbbbbbbbb
aaaaaaaaaaaaaddddddddddddddddSaaaaaaaaacccccccccccccccccaaaaaaaaaaaddddddddccccccccccdddddddaaaaaaaaaaaaaaaaaabbbbbbbbbbbbbbbbbbbbaaaaaaaaaaaabbbbbbbbbbbbbbbbbbb
aaaaaaaaaaaaaddddddddddddddddaSaaaaaaaacccccccccccccccccaaaaaaaaaaaddddddddccccccccccdddddddaaaaaaaaaaaaaaaaaabbbbbbbbbbbbbbbbbbbbaaaaaaaaaaaabbbbbbbbbbbbbbbbbbb
aaaaaaaaaaaaaddddddddddddddddaaSaaaaaaacccccccccccccccccaaaaaaaaaaaddddddddccccccccccdddddddaaaaaaaaaaaaaaaaaabbbbbbbbbbbbbbbbbbbbaaaaaaaaaaaabbbbbbbbbbbbbbbbbbb
aaaaaaaaaaaaaddddddddddddddddaaaSaaaaaacccccccccccccccccaaaaaaaaaaaddddddddccccccccccdddddddaaaaaaaaaaaaaaaaaabbbbbbbbbbbbbbbbbbbbaaaaaaaaaaaabbbbbbbbbbbbbbbbbbb
aaaaaaaaaaaaaddddddddddddddddaaaaSaaaaacccccccccccccccccaaaaaaaaaaaddddddddccccccccccdddddddaaaaaaaaaaaaaaaaaabbbbbbbbbbbbbbbbbbbbaaaaaaaaaaaabbbbbbbbbbbbbbbbbbb
aaaaaaaaaaaaaddddddddddddddddaaaaaSaaaacccccccccccccccccaaaaaaaaaaaddddddddccccccccccdddddddaaaaaaaaaaaaaaaaaabbbbbbbbbbbbbbbbbbbbaaaaaaaaaaaabbbbbbbbbbbbbbbbbbb
aaaaaaaaaaaaaddddddddddddddddaaaaaaSaaacccccccccccccccccaaaaaaaaaaaddddddddccccccccccdddddddaaaaaaaaaaaaaaaaaabbbbbbbbbbbbbbbbbbbbaaaaaaaaaaaabbbbbbbbbbbbbbbbbbb
aaaaaaaaaaaaaddddddddddddddddaaaaaaaSaacccccccccccccccccaaaaaaaaaaaddddddddccccccccccdddddddaaaaaaaaaaaaaaaaaabbbbbbbbbbbbbbbbbbbbaaaaaaaaaaaabbbbbbbbbbbbbbbbbbb
aaaaaaaaaaaaaddddddddddddddddaaaaaaaaSacccccccccccccccccaaaaaaaaaaaddddddddccccccccccdddddddaaaaaaaaaaaaaaaaaabbbbbbbbbbbbbbbbbbbbaaaaaaaaaaaabbbbbbbbbbbbbbbbbbb
aaaaaaaaaaaaaddddddddddddddddaaaaaaaaaScccccccccccccccccaaaaaaaaaaaddddddddccccccccccdddddddaaaaaaaaaaaaaaaaaabbbbbbbbbbbbbbbbbbbbaaaaaaaaaaaabbbbbbbbbbbbbbbbbbb
aaaaaaaaaaaaaddddddddddddddddaaaaaaaaacSccccccccccccccccaaaaaaaaaaaddddddddccccccccccdddddddaaaaaaaaaaaaaaaaaabbbbbbbbbbbbbbbbbbbbaaaaaaaaaaaabbbbbbbbbbbbbbbbbbb
aaaaaaaaaaaaaddddddddddddddddaaaaaaaaaccScccccccccccccccaaaaaaaaaaaddddddddccccccccccdddddddaaaaaaaaaaaaaaaaaabbbbbbbbbbbbbbbbbbbbaaaaaaaaaaaabbbbbbbbbbbbbbbbbbb
aaaaaaaaaaaaaddddddddddddddddaaaaaaaaacccSccccccccccccccaaaaaaaaaaaddddddddccccccccccdddddddaaaaaaaaaaaaaaaaaabbbbbbbbbbbbbbbbbbbbaaaaaaaaaaaabbbbbbbbbbbbbbbbbbb
aaaaaaaaaaaaaddddddddddddddddaaaaaaaaaccccScccccccccccccaaaaaaaaaaaddddddddccccccccccdddddddaaaaaaaaaaaaaaaaaabbbbbbbbbbbbbbbbbbbbaaaaaaaaaaaabbbbbbbbbbbbbbbbbbb
aaaaaaaaaaaaaddddddddddddddddaaaaaaaaacccccSccccccccccccaaaaaaaaaaaddddddddccccccccccdddddddaaaaaaaaaaaaaaaaaabbbbbbbbbbbbbbbbbbbbaaaaaaaaaaaabbbbbbbbbbbbbbbbbbb
aaaaaaaaaaaaaddddddddddddddddaaaaaaaaaccccccScccccccccccaaaaaaaaaaaddddddddccccccccccdddddddaaaaaaaaaaaaaaaaaabbbbbbbbbbbbbbbbbbbbaaaaaaaaaaaabbbbbbbbbbbbbbbbbbb
aaaaaaaaaaaaaddddddddddddddddaaaaaaaaacccccccSccccccccccaaaaaaaaaaaddddddddccccccccccdddddddaaaaaaaaaaaaaaaaaabbbbbbbbbbbbbbbbbbbbaaaaaaaaaaaabbbbbbbbbbbbbbbbbbb
aaaaaaaaaaaaaddddddddddddddddaaaaaaaaaccccccccScccccccccaaaaaaaaaaaddddddddccccccccccdddddddaaaaaaaaaaaaaaaaaabbbbbbbbbbbbbbbbbbbbaaaaaaaaaaaabbbbbbbbbbbbbbbbbbb
aaaaaaaaaaaaaddddddddddddddddaaaaaaaaacccccccccSccccccccaaaaaaaaaaaddddddddccccccccccdddddddaaaaaaaaaaaaaaaaaabbbbbbbbbbbbbbbbbbbbaaaaaaaaaaaabbbbbbbbbbbbbbbbbbb
aaaaaaaaaaaaaddddddddddddddddaaaaaaaaaccccccccccScccccccaaaaaaaaaaaddddddddccccccccccdddddddaaaaaaaaaaaaaaaaaabbbbbbbbbbbbbbbbbbbbaaaaaaaaaaaabbbbbbbbbbbbbbbbbbb
aaaaaaaaaaaaaddddddddddddddddaaaaaaaaacccccccccccSccccccaaaaaaaaaaaddddddddccccccccccdddddddaaaaaaaaaaaaaaaaaabbbbbbbbbbbbbbbbbbbbaaaaaaaaaaaabbbbbbbbbbbbbbbbbbb
aaaaaaaaaaaaaddddddddddddddddaaaaaaaaaccccccccccccScccccaaaaaaaaaaaddddddddccccccccccdddddddaaaaaaaaaaaaaaaaaabbbbbbbbbbbbbbbbbbbbaaaaaaaaaaaabbbbbbbbbbbbbbbbbbb
aaaaaaaaaaaaaddddddddddddddddaaaaaaaaacccccccccccccSccccaaaaaaaaaaaddddddddccccccccccdddddddaaaaaaaaaaaaaaaaaabbbbbbbbbbbbbbbbbbbbaaaaaaaaaaaabbbbbbbbbbbbbbbbbbb
aaaaaaaaaaaaaddddddddddddddddaaaaaaaaaccccccccccccccScccaaaaaaaaaaaddddddddccccccccccdddddddaaaaaaaaaaaaaaaaaabbbbbbbbbbbbbbbbbbbbaaaaaaaaaaaabbbbbbbbbbbbbbbbbbb
aaaaaaaaaaaaaddddddddddddddddaaaaaaaaacccccccccccccccSccaaaaaaaaaaaddddddddccccccccccdddddddaaaaaaaaaaaaaaaaaabbbbbbbbbbbbbbbbbbbbaaaaaaaaaaaabbbbbbbbbbbbbbbbbbb
aaaaaaaaaaaaaddddddddddddddddaaaaaaaaaccccccccccccccccScaaaaaaaaaaaddddddddccccccccccdddddddaaaaaaaaaaaaaaaaaabbbbbbbbbbbbbbbbbbbbaaaaaaaaaaaabbbbbbbbbbbbbbbbbbb
aaaaaaaaaaaaaddddddddddddddddaaaaaaaaacccccccccccccccccSaaaaaaaaaaaddddddddccccccccccdddddddaaaaaaaaaaaaaaaaaabbbbbbbbbbbbbbbbbbbbaaaaaaaaaaaabbbbbbbbbbbbbbbbbbb
aaaaaaaaaaaaaddddddddddddddddaaaaaaaaacccccccccccccccccaSaaaaaaaaaaddddddddccccccccccdddddddaaaaaaaaaaaaaaaaaabbbbbbbbbbbbbbbbbbbbaaaaaaaaaaaabbbbbbbbbbbbbbbbbbb
aaaaaaaaaaaaaddddddddddddddddaaaaaaaaacccccccccccccccccaaSaaaaaaaaaddddddddccccccccccdddddddaaaaaaaaaaaaaaaaaabbbbbbbbbbbbbbbbbbbbaaaaaaaaaaaabbbbbbbbbbbbbbbbbbb
aaaaaaaaaaaaaddddddddddddddddaaaaaaaaacccccccccccccccccaaaSaaaaaaaaddddddddccccccccccdddddddaaaaaaaaaaaaaaaaaabbbbbbbbbbbbbbbbbbbbaaaaaaaaaaaabbbbbbbbbbbbbbbbbbb
aaaaaaaaaaaaaddddddddddddddddaaaaaaaaacccccccccccccccccaaaaSaaaaaaaddddddddccccccccccdddddddaaaaaaaaaaaaaaaaaabbbbbbbbbbbbbbbbbbbbaaaaaaaaaaaabbbbbbbbbbbbbbbbbbb
aaaaaaaaaaaaaddddddddddddddddaaaaaaaaacccccccccccccccccaaaaaSaaaaaaddddddddccccccccccdddddddaaaaaaaaaaaaaaaaaabbbbbbbbbbbbbbbbbbbbaaaaaaaaaaaabbbbbbbbbbbbbbbbbbb
aaaaaaaaaaaaaddddddddddddddddaaaaaaaaacccccccccccccccccaaaaaaSaaaaaddddddddccccccccccdddddddaaaaaaaaaaaaaaaaaabbbbbbbbbbbbbbbbbbbbaaaaaaaaaaaabbbbbbbbbbbbbbbbbbb
aaaaaaaaaaaaaddddddddddddddddaaaaaaaaacccccccccccccccccaaaaaaaSaaaaddddddddccccccccccdddddddaaaaaaaaaaaaaaaaaabbbbbbbbbbbbbbbbbbbbaaaaaaaaaaaabbbbbbbbbbbbbbbbbbb
aaaaaaaaaaaaaddddddddddddddddaaaaaaaaacccccccccccccccccaaaaaaaaSaaaddddddddccccccccccdddddddaaaaaaaaaaaaaaaaaabbbbbbbbbbbbbbbbbbbbaaaaaaaaaaaabbbbbbbbbbbbbbbbbbb
aaaaaaaaaaaaaddddddddddddddddaaaaaaaaacccccccccccccccccaaaaaaaaaSaaddddddddccccccccccdddddddaaaaaaaaaaaaaaaaaabbbbbbbbbbbbbbbbbbbbaaaaaaaaaaaabbbbbbbbbbbbbbbbbbb
aaaaaaaaaaaaaddddddddddddddddaaaaaaaaacccccccccccccccccaaaaaaaaaaSaddddddddccccccccccdddddddaaaaaaaaaaaaaaaaaabbbbbbbbbbbbbbbbbbbbaaaaaaaaaaaabbbbbbbbbbbbbbbbbbb
aaaaaaaaaaaaaddddddddddddddddaaaaaaaaacccccccccccccccccaaaaaaaaaaaSddddddddccccccccccdddddddaaaaaaaaaaaaaaaaaabbbbbbbbbbbbbbbbbbbbaaaaaaaaaaaabbbbbbbbbbbbbbbbbbb
aaaaaaaaaaaaaddddddddddddddddaaaaaaaaacccccccccccccccccaaaaaaaaaaadSdddddddccccccccccdddddddaaaaaaaaaaaaaaaaaabbbbbbbbbbbbbbbbbbbbaaaaaaaaaaaabbbbbbbbbbbbbbbbbbb
aaaaaaaaaaaaaddddddddddddddddaaaaaaaaacccccccccccccccccaaaaaaaaaaaddSddddddccccccccccdddddddaaaaaaaaaaaaaaaaaabbbbbbbbbbbbbbbbbbbbaaaaaaaaaaaabbbbbbbbbbbbbbbbbbb
aaaaaaaaaaaaaddddddddddddddddaaaaaaaaacccccccccccccccccaaaaaaaaaaadddSdddddccccccccccdddddddaaaaaaaaaaaaaaaaaabbbbbbbbbbbbbbbbbbbbaaaaaaaaaaaabbbbbbbbbbbbbbbbbbb
aaaaaaaaaaaaaddddddddddddddddaaaaaaaaacccccccccccccccccaaaaaaaaaaaddddSddddccccccccccdddddddaaaaaaaaaaaaaaaaaabbbbbbbbbbbbbbbbbbbbaaaaaaaaaaaabbbbbbbbbbbbbbbbbbb
aaaaaaaaaaaaaddddddddddddddddaaaaaaaaacccccccccccccccccaaaaaaaaaaadddddSdddccccccccccdddddddaaaaaaaaaaaaaaaaaabbbbbbbbbbbbbbbbbbbbaaaaaaaaaaaabbbbbbbbbbbbbbbbbbb
aaaaaaaaaaaaaddddddddddddddddaaaaaaaaacccccccccccccccccaaaaaaaaaaaddddddSddccccccccccdddddddaaaaaaaaaaaaaaaaaabbbbbbbbbbbbbbbbbbbbaaaaaaaaaaaabbbbbbbbbbbbbbbbbbb
aaaaaaaaaaaaaddddddddddddddddaaaaaaaaacccccccccccccccccaaaaaaaaaaadddddddSdccccccccccdddddddaaaaaaaaaaaaaaaaaabbbbbbbbbbbbbbbbbbbbaaaaaaaaaaaabbbbbbbbbbbbbbbbbbb
aaaaaaaaaaaaaddddddddddddddddaaaaaaaaacccccccccccccccccaaaaaaaaaaaddddddddSccccccccccdddddddaaaaaaaaaaaaaaaaaabbbbbbbbbbbbbbbbbbbbaaaaaaaaaaaabbbbbbbbbbbbbbbbbbb
aaaaaaaaaaaaaddddddddddddddddaaaaaaaaacccccccccccccccccaaaaaaaaaaaddddddddcScccccccccdddddddaaaaaaaaaaaaaaaaaabbbbbbbbbbbbbbbbbbbbaaaaaaaaaaaabbbbbbbbbbbbbbbbbbb
aaaaaaaaaaaaaddddddddddddddddaaaaaaaaacccccccccccccccccaaaaaaaaaaaddddddddccSccccccccdddddddaaaaaaaaaaaaaaaaaabbbbbbbbbbbbbbbbbbbbaaaaaaaaaaaabbbbbbbbbbbbbbbbbbb
aaaaaaaaaaaaaddddddddddddddddaaaaaaaaacccccccccccccccccaaaaaaaaaaaddddddddcccScccccccdddddddaaaaaaaaaaaaaaaaaabbbbbbbbbbbbbbbbbbbbaaaaaaaaaaaabbbbbbbbbbbbbbbbbbb
aaaaaaaaaaaaaddddddddddddddddaaaaaaaaacccccccccccccccccaaaaaaaaaaaddddddddccccSccccccdddddddaaaaaaaaaaaaaaaaaabbbbbbbbbbbbbbbbbbbbaaaaaaaaaaaabbbbbbbbbbbbbbbbbbb
aaaaaaaaaaaaaddddddddddddddddaaaaaaaaacccccccccccccccccaaaaaaaaaaaddddddddcccccScccccdddddddaaaaaaaaaaaaaaaaaabbbbbbbbbbbbbbbbbbbbaaaaaaaaaaaabbbbbbbbbbbbbbbbbbb
aaaaaaaaaaaaaddddddddddddddddaaaaaaaaacccccccccccccccccaaaaaaaaaaaddddddddccccccSccccdddddddaaaaaaaaaaaaaaaaaabbbbbbbbbbbbbbbbbbbbaaaaaaaaaaaabbbbbbbbbbbbbbbbbbb
aaaaaaaaaaaaaddddddddddddddddaaaaaaaaacccccccccccccccccaaaaaaaaaaaddddddddcccccccScccdddddddaaaaaaaaaaaaaaaaaabbbbbbbbbbbbbbbbbbbbaaaaaaaaaaaabbbbbbbbbbbbbbbbbbb
aaaaaaaaaaaaaddddddddddddddddaaaaaaaaacccccccccccccccccaaaaaaaaaaaddddddddccccccccSccdddddddaaaaaaaaaaaaaaaaaabbbbbbbbbbbbbbbbbbbbaaaaaaaaaaaabbbbbbbbbbbbbbbbbbb
aaaaaaaaaaaaaddddddddddddddddaaaaaaaaacccccccccccccccccaaaaaaaaaaaddddddddcccccccccScdddddddaaaaaaaaaaaaaaaaaabbbbbbbbbbbbbbbbbbbbaaaaaaaaaaaabbbbbbbbbbbbbbbbbbb
aaaaaaaaaaaaaddddddddddddddddaaaaaaaaacccccccccccccccccaaaaaaaaaaaddddddddccccccccccSdddddddaaaaaaaaaaaaaaaaaabbbbbbbbbbbbbbbbbbbbaaaaaaaaaaaabbbbbbbbbbbbbbbbbbb
aaaaaaaaaaaaaddddddddddddddddaaaaaaaaacccccccccccccccccaaaaaaaaaaaddddddddccccccccccdSddddddaaaaaaaaaaaaaaaaaabbbbbbbbbbbbbbbbbbbbaaaaaaaaaaaabbbbbbbbbbbbbbbbbbb
aaaaaaaaaaaaaddddddddddddddddaaaaaaaaacccccccccccccccccaaaaaaaaaaaddddddddccccccccccddSdddddaaaaaaaaaaaaaaaaaabbbbbbbbbbbbbbbbbbbbaaaaaaaaaaaabbbbbbbbbbbbbbbbbbb
aaaaaaaaaaaaaddddddddddddddddaaaaaaaaacccccccccccccccccaaaaaaaaaaaddddddddccccccccccdddSddddaaaaaaaaaaaaaaaaaabbbbbbbbbbbbbbbbbbbbaaaaaaaaaaaabbbbbbbbbbbbbbbbbbb
aaaaaaaaaaaaaddddddddddddddddaaaaaaaaacccccccccccccccccaaaaaaaaaaaddddddddccccccccccddddSdddaaaaaaaaaaaaaaaaaabbbbbbbbbbbbbbbbbbbbaaaaaaaaaaaabbbbbbbbbbbbbbbbbbb
aaaaaaaaaaaaaddddddddddddddddaaaaaaaaacccccccccccccccccaaaaaaaaaaaddddddddccccccccccdddddSddaaaaaaaaaaaaaaaaaabbbbbbbbbbbbbbbbbbbbaaaaaaaaaaaabbbbbbbbbbbbbbbbbbb
aaaaaaaaaaaaaddddddddddddddddaaaaaaaaacccccccccccccccccaaaaaaaaaaaddddddddccccccccccddddddSdaaaaaaaaaaaaaaaaaabbbbbbbbbbbbbbbbbbbbaaaaaaaaaaaabbbbbbbbbbbbbbbbbbb
aaaaaaaaaaaaaddddddddddddddddaaaaaaaaacccccccccccccccccaaaaaaaaaaaddddddddccccccccccdddddddSaaaaaaaaaaaaaaaaaabbbbbbbbbbbbbbbbbbbbaaaaaaaaaaaabbbbbbbbbbbbbbbbbbb
aaaaaaaaaaaaaddddddddddddddddaaaaaaaaacccccccccccccccccaaaaaaaaaaaddddddddccccccccccdddddddaSaaaaaaaaaaaaaaaaabbbbbbbbbbbbbbbbbbbbaaaaaaaaaaaabbbbbbbbbbbbbbbbbbb
aaaaaaaaaaaaaddddddddddddddddaaaaaaaaacccccccccccccccccaaaaaaaaaaaddddddddccccccccccdddddddaaSaaaaaaaaaaaaaaaabbbbbbbbbbbbbbbbbbbbaaaaaaaaaaaabbbbbbbbbbbbbbbbbbb
aaaaaaaaaaaaaddddddddddddddddaaaaaaaaacccccccccccccccccaaaaaaaaaaaddddddddccccccccccdddddddaaaSaaaaaaaaaaaaaaabbbbbbbbbbbbbbbbbbbbaaaaaaaaaaaabbbbbbbbbbbbbbbbbbb
aaaaaaaaaaaaaddddddddddddddddaaaaaaaaacccccccccccccccccaaaaaaaaaaaddddddddccccccccccdddddddaaaaSaaaaaaaaaaaaaabbbbbbbbbbbbbbbbbbbbaaaaaaaaaaaabbbbbbbbbbbbbbbbbbb
aaaaaaaaaaaaaddddddddddddddddaaaaaaaaacccccccccccccccccaaaaaaaaaaaddddddddccccccccccdddddddaaaaaSaaaaaaaaaaaaabbbbbbbbbbbbbbbbbbbbaaaaaaaaaaaabbbbbbbbbbbbbbbbbbb
aaaaaaaaaaaaaddddddddddddddddaaaaaaaaacccccccccccccccccaaaaaaaaaaaddddddddccccccccccdddddddaaaaaaSaaaaaaaaaaaabbbbbbbbbbbbbbbbbbbbaaaaaaaaaaaabbbbbbbbbbbbbbbbbbb
aaaaaaaaaaaaaddddddddddddddddaaaaaaaaacccccccccccccccccaaaaaaaaaaaddddddddccccccccccdddddddaaaaaaaSaaaaaaaaaaabbbbbbbbbbbbbbbbbbbbaaaaaaaaaaaabbbbbbbbbbbbbbbbbbb
aaaaaaaaaaaaaddddddddddddddddaaaaaaaaacccccccccccccccccaaaaaaaaaaaddddddddccccccccccdddddddaaaaaaaaSaaaaaaaaaabbbbbbbbbbbbbbbbbbbbaaaaaaaaaaaabbbbbbbbbbbbbbbbbbb
aaaaaaaaaaaaaddddddddddddddddaaaaaaaaacccccccccccccccccaaaaaaaaaaaddddddddccccccccccdddddddaaaaaaaaaSaaaaaaaaabbbbbbbbbbbbbbbbbbbbaaaaaaaaaaaabbbbbbbbbbbbbbbbbbb
aaaaaaaaaaaaaddddddddddddddddaaaaaaaaacccccccccccccccccaaaaaaaaaaaddddddddccccccccccdddddddaaaaaaaaaaSaaaaaaaabbbbbbbbbbbbbbbbbbbbaaaaaaaaaaaabbbbbbbbbbbbbbbbbbb
aaaaaaaaaaaaaddddddddddddddddaaaaaaaaacccccccccccccccccaaaaaaaaaaaddddddddccccccccccdddddddaaaaaaaaaaaSaaaaaaabbbbbbbbbbbbbbbbbbbbaaaaaaaaaaaabbbbbbbbbbbbbbbbbbb
aaaaaaaaaaaaaddddddddddddddddaaaaaaaaacccccccccccccccccaaaaaaaaaaaddddddddccccccccccdddddddaaaaaaaaaaaaSaaaaaabbbbbbbbbbbbbbbbbbbbaaaaaaaaaaaabbbbbbbbbbbbbbbbbbb
aaaaaaaaaaaaaddddddddddddddddaaaaaaaaacccccccccccccccccaaaaaaaaaaaddddddddccccccccccdddddddaaaaaaaaaaaaaSaaaaabbbbbbbbbbbbbbbbbbbbaaaaaaaaaaaabbbbbbbbbbbbbbbbbbb
aaaaaaaaaaaaaddddddddddddddddaaaaaaaaacccccccccccccccccaaaaaaaaaaaddddddddccccccccccdddddddaaaaaaaaaaaaaaSaaaabbbbbbbbbbbbbbbbbbbbaaaaaaaaaaaabbbbbbbbbbbbbbbbbbb
aaaaaaaaaaaaaddddddddddddddddaaaaaaaaacccccccccccccccccaaaaaaaaaaaddddddddccccccccccdddddddaaaaaaaaaaaaaaaSaaabbbbbbbbbbbbbbbbbbbbaaaaaaaaaaaabbbbbbbbbbbbbbbbbbb
aaaaaaaaaaaaaddddddddddddddddaaaaaaaaacccccccccccccccccaaaaaaaaaaaddddddddccccccccccdddddddaaaaaaaaaaaaaaaaSaabbbbbbbbbbbbbbbbbbbbaaaaaaaaaaaabbbbbbbbbbbbbbbbbbb
aaaaaaaaaaaaaddddddddddddddddaaaaaaaaacccccccccccccccccaaaaaaaaaaaddddddddccccccccccdddddddaaaaaaaaaaaaaaaaaSabbbbbbbbbbbbbbbbbbbbaaaaaaaaaaaabbbbbbbbbbbbbbbbbbb
aaaaaaaaaaaaaddddddddddddddddaaaaaaaaacccccccccccccccccaaaaaaaaaaaddddddddccccccccccdddddddaaaaaaaaaaaaaaaaaaSbbbbbbbbbbbbbbbbbbbbaaaaaaaaaaaabbbbbbbbbbbbbbbbbbb
aaaaaaaaaaaaaddddddddddddddddaaaaaaaaacccccccccccccccccaaaaaaaaaaaddddddddccccccccccdddddddaaaaaaaaaaaaaaaaaabSbbbbbbbbbbbbbbbbbbbaaaaaaaaaaaabbbbbbbbbbbbbbbbbbb
aaaaaaaaaaaaaddddddddddddddddaaaaaaaaacccccccccccccccccaaaaaaaaaaaddddddddccccccccccdddddddaaaaaaaaaaaaaaaaaabbSbbbbbbbbbbbbbbbbbbaaaaaaaaaaaabbbbbbbbbbbbbbbbbbb
aaaaaaaaaaaaaddddddddddddddddaaaaaaaaacccccccccccccccccaaaaaaaaaaaddddddddccccccccccdddddddaaaaaaaaaaaaaaaaaabbbSbbbbbbbbbbbbbbbbbaaaaaaaaaaaabbbbbbbbbbbbbbbbbbb
aaaaaaaaaaaaaddddddddddddddddaaaaaaaaacccccccccccccccccaaaaaaaaaaaddddddddccccccccccdddddddaaaaaaaaaaaaaaaaaabbbbSbbbbbbbbbbbbbbbbaaaaaaaaaaaabbbbbbbbbbbbbbbbbbb
aaaaaaaaaaaaaddddddddddddddddaaaaaaaaacccccccccccccccccaaaaaaaaaaaddddddddccccccccccdddddddaaaaaaaaaaaaaaaaaabbbbbSbbbbbbbbbbbbbbbaaaaaaaaaaaabbbbbbbbbbbbbbbbbbb
aaaaaaaaaaaaaddddddddddddddddaaaaaaaaacccccccccccccccccaaaaaaaaaaaddddddddccccccccccdddddddaaaaaaaaaaaaaaaaaabbbbbbSbbbbbbbbbbbbbbaaaaaaaaaaaabbbbbbbbbbbbbbbbbbb
aaaaaaaaaaaaaddddddddddddddddaaaaaaaaacccccccccccccccccaaaaaaaaaaaddddddddccccccccccdddddddaaaaaaaaaaaaaaaaaabbbbbbbSbbbbbbbbbbbbbaaaaaaaaaaaabbbbbbbbbbbbbbbbbbb
aaaaaaaaaaaaaddddddddddddddddaaaaaaaaacccccccccccccccccaaaaaaaaaaaddddddddccccccccccdddddddaaaaaaaaaaaaaaaaaabbbbbbbbSbbbbbbbbbbbbaaaaaaaaaaaabbbbbbbbbbbbbbbbbbb
aaaaaaaaaaaaaddddddddddddddddaaaaaaaaacccccccccccccccccaaaaaaaaaaaddddddddccccccccccdddddddaaaaaaaaaaaaaaaaaabbbbbbbbbSbbbbbbbbbbbaaaaaaaaaaaabbbbbbbbbbbbbbbbbbb
aaaaaaaaaaaaaddddddddddddddddaaaaaaaaacccccccccccccccccaaaaaaaaaaaddddddddccccccccccdddddddaaaaaaaaaaaaaaaaaabbbbbbbbbbSbbbbbbbbbbaaaaaaaaaaaabbbbbbbbbbbbbbbbbbb
aaaaaaaaaaaaaddddddddddddddddaaaaaaaaacccccccccccccccccaaaaaaaaaaaddddddddccccccccccdddddddaaaaaaaaaaaaaaaaaabbbbbbbbbbbSbbbbbbbbbaaaaaaaaaaaabbbbbbbbbbbbbbbbbbb
aaaaaaaaaaaaaddddddddddddddddaaaaaaaaacccccccccccccccccaaaaaaaaaaaddddddddccccccccccdddddddaaaaaaaaaaaaaaaaaabbbbbbbbbbbbSbbbbbbbbaaaaaaaaaaaabbbbbbbbbbbbbbbbbbb
aaaaaaaaaaaaaddddddddddddddddaaaaaaaaacccccccccccccccccaaaaaaaaaaaddddddddccccccccccdddddddaaaaaaaaaaaaaaaaaabbbbbbbbbbbbbSbbbbbbbaaaaaaaaaaaabbbbbbbbbbbbbbbbbbb
aaaaaaaaaaaaaddddddddddddddddaaaaaaaaacccccccccccccccccaaaaaaaaaaaddddddddccccccccccdddddddaaaaaaaaaaaaaaaaaabbbbbbbbbbbbbbSbbbbbbaaaaaaaaaaaabbbbbbbbbbbbbbbbbbb
aaaaaaaaaaaaaddddddddddddddddaaaaaaaaacccccccccccccccccaaaaaaaaaaaddddddddccccccccccdddddddaaaaaaaaaaaaaaaaaabbbbbbbbbbbbbbbSbbbbbaaaaaaaaaaaabbbbbbbbbbbbbbbbbbb
aaaaaaaaaaaaaddddddddddddddddaaaaaaaaacccccccccccccccccaaaaaaaaaaaddddddddccccccccccdddddddaaaaaaaaaaaaaaaaaabbbbbbbbbbbbbbbbSbbbbaaaaaaaaaaaabbbbbbbbbbbbbbbbbbb
aaaaaaaaaaaaaddddddddddddddddaaaaaaaaacccccccccccccccccaaaaaaaaaaaddddddddccccccccccdddddddaaaaaaaaaaaaaaaaaabbbbbbbbbbbbbbbbbSbbbaaaaaaaaaaaabbbbbbbbbbbbbbbbbbb
aaaaaaaaaaaaaddddddddddddddddaaaaaaaaacccccccccccccccccaaaaaaaaaaaddddddddccccccccccdddddddaaaaaaaaaaaaaaaaaabbbbbbbbbbbbbbbbbbSbbaaaaaaaaaaaabbbbbbbbbbbbbbbbbbb
aaaaaaaaaaaaaddddddddddddddddaaaaaaaaacccccccccccccccccaaaaaaaaaaaddddddddccccccccccdddddddaaaaaaaaaaaaaaaaaabbbbbbbbbbbbbbbbbbbSbaaaaaaaaaaaabbbbbbbbbbbbbbbbbbb
aaaaaaaaaaaaaddddddddddddddddaaaaaaaaacccccccccccccccccaaaaaaaaaaaddddddddccccccccccdddddddaaaaaaaaaaaaaaaaaabbbbbbbbbbbbbbbbbbbbSaaaaaaaaaaaabbbbbbbbbbbbbbbbbbb
aaaaaaaaaaaaaddddddddddddddddaaaaaaaaacccccccccccccccccaaaaaaaaaaaddddddddccccccccccdddddddaaaaaaaaaaaaaaaaaabbbbbbbbbbbbbbbbbbbbaSaaaaaaaaaaabbbbbbbbbbbbbbbbbbb
aaaaaaaaaaaaaddddddddddddddddaaaaaaaaacccccccccccccccccaaaaaaaaaaaddddddddccccccccccdddddddaaaaaaaaaaaaaaaaaabbbbbbbbbbbbbbbbbbbbaaSaaaaaaaaaabbbbbbbbbbbbbbbbbbb
aaaaaaaaaaaaaddddddddddddddddaaaaaaaaacccccccccccccccccaaaaaaaaaaaddddddddccccccccccdddddddaaaaaaaaaaaaaaaaaabbbbbbbbbbbbbbbbbbbbaaaSaaaaaaaaabbbbbbbbbbbbbbbbbbb
aaaaaaaaaaaaaddddddddddddddddaaaaaaaaacccccccccccccccccaaaaaaaaaaaddddddddccccccccccdddddddaaaaaaaaaaaaaaaaaabbbbbbbbbbbbbbbbbbbbaaaaSaaaaaaaabbbbbbbbbbbbbbbbbbb
aaaaaaaaaaaaaddddddddddddddddaaaaaaaaacccccccccccccccccaaaaaaaaaaaddddddddccccccccccdddddddaaaaaaaaaaaaaaaaaabbbbbbbbbbbbbbbbbbbbaaaaaSaaaaaaabbbbbbbbbbbbbbbbbbb
aaaaaaaaaaaaaddddddddddddddddaaaaaaaaacccccccccccccccccaaaaaaaaaaaddddddddccccccccccdddddddaaaaaaaaaaaaaaaaaabbbbbbbbbbbbbbbbbbbbaaaaaaSaaaaaabbbbbbbbbbbbbbbbbbb
aaaaaaaaaaaaaddddddddddddddddaaaaaaaaacccccccccccccccccaaaaaaaaaaaddddddddccccccccccdddddddaaaaaaaaaaaaaaaaaabbbbbbbbbbbbbbbbbbbbaaaaaaaSaaaaabbbbbbbbbbbbbbbbbbb
aaaaaaaaaaaaaddddddddddddddddaaaaaaaaacccccccccccccccccaaaaaaaaaaaddddddddccccccccccdddddddaaaaaaaaaaaaaaaaaabbbbbbbbbbbbbbbbbbbbaaaaaaaaSaaaabbbbbbbbbbbbbbbbbbb
aaaaaaaaaaaaaddddddddddddddddaaaaaaaaacccccccccccccccccaaaaaaaaaaaddddddddccccccccccdddddddaaaaaaaaaaaaaaaaaabbbbbbbbbbbbbbbbbbbbaaaaaaaaaSaaabbbbbbbbbbbbbbbbbbb
aaaaaaaaaaaaaddddddddddddddddaaaaaaaaacccccccccccccccccaaaaaaaaaaaddddddddccccccccccdddddddaaaaaaaaaaaaaaaaaabbbbbbbbbbbbbbbbbbbbaaaaaaaaaaSaabbbbbbbbbbbbbbbbbbb
aaaaaaaaaaaaaddddddddddddddddaaaaaaaaacccccccccccccccccaaaaaaaaaaaddddddddccccccccccdddddddaaaaaaaaaaaaaaaaaabbbbbbbbbbbbbbbbbbbbaaaaaaaaaaaSabbbbbbbbbbbbbbbbbbb
aaaaaaaaaaaaaddddddddddddddddaaaaaaaaacccccccccccccccccaaaaaaaaaaaddddddddccccccccccdddddddaaaaaaaaaaaaaaaaaabbbbbbbbbbbbbbbbbbbbaaaaaaaaaaaaSbbbbbbbbbbbbbbbbbbb
aaaaaaaaaaaaaddddddddddddddddaaaaaaaaacccccccccccccccccaaaaaaaaaaaddddddddccccccccccdddddddaaaaaaaaaaaaaaaaaabbbbbbbbbbbbbbbbbbbbaaaaaaaaaaaabSbbbbbbbbbbbbbbbbbb
aaaaaaaaaaaaaddddddddddddddddaaaaaaaaacccccccccccccccccaaaaaaaaaaaddddddddccccccccccdddddddaaaaaaaaaaaaaaaaaabbbbbbbbbbbbbbbbbbbbaaaaaaaaaaaabbSbbbbbbbbbbbbbbbbb
aaaaaaaaaaaaaddddddddddddddddaaaaaaaaacccccccccccccccccaaaaaaaaaaaddddddddccccccccccdddddddaaaaaaaaaaaaaaaaaabbbbbbbbbbbbbbbbbbbbaaaaaaaaaaaabbbSbbbbbbbbbbbbbbbb
aaaaaaaaaaaaaddddddddddddddddaaaaaaaaacccccccccccccccccaaaaaaaaaaaddddddddccccccccccdddddddaaaaaaaaaaaaaaaaaabbbbbbbbbbbbbbbbbbbbaaaaaaaaaaaabbbbSbbbbbbbbbbbbbbb
aaaaaaaaaaaaaddddddddddddddddaaaaaaaaacccccccccccccccccaaaaaaaaaaaddddddddccccccccccdddddddaaaaaaaaaaaaaaaaaabbbbbbbbbbbbbbbbbbbbaaaaaaaaaaaabbbbbSbbbbbbbbbbbbbb
aaaaaaaaaaaaaddddddddddddddddaaaaaaaaacccccccccccccccccaaaaaaaaaaaddddddddccccccccccdddddddaaaaaaaaaaaaaaaaaabbbbbbbbbbbbbbbbbbbbaaaaaaaaaaaabbbbbbSbbbbbbbbbbbbb
aaaaaaaaaaaaaddddddddddddddddaaaaaaaaacccccccccccccccccaaaaaaaaaaaddddddddccccccccccdddddddaaaaaaaaaaaaaaaaaabbbbbbbbbbbbbbbbbbbbaaaaaaaaaaaabbbbbbbSbbbbbbbbbbbb
aaaaaaaaaaaaaddddddddddddddddaaaaaaaaacccccccccccccccccaaaaaaaaaaaddddddddccccccccccdddddddaaaaaaaaaaaaaaaaaabbbbbbbbbbbbbbbbbbbbaaaaaaaaaaaabbbbbbbbSbbbbbbbbbbb
aaaaaaaaaaaaaddddddddddddddddaaaaaaaaacccccccccccccccccaaaaaaaaaaaddddddddccccccccccdddddddaaaaaaaaaaaaaaaaaabbbbbbbbbbbbbbbbbbbbaaaaaaaaaaaabbbbbbbbbSbbbbbbbbbb
aaaaaaaaaaaaaddddddddddddddddaaaaaaaaacccccccccccccccccaaaaaaaaaaaddddddddccccccccccdddddddaaaaaaaaaaaaaaaaaabbbbbbbbbbbbbbbbbbbbaaaaaaaaaaaabbbbbbbbbbSbbbbbbbbb
aaaaaaaaaaaaaddddddddddddddddaaaaaaaaacccccccccccccccccaaaaaaaaaaaddddddddccccccccccdddddddaaaaaaaaaaaaaaaaaabbbbbbbbbbbbbbbbbbbbaaaaaaaaaaaabbbbbbbbbbbSbbbbbbbb
aaaaaaaaaaaaaddddddddddddddddaaaaaaaaacccccccccccccccccaaaaaaaaaaaddddddddccccccccccdddddddaaaaaaaaaaaaaaaaaabbbbbbbbbbbbbbbbbbbbaaaaaaaaaaaabbbbbbbbbbbbSbbbbbbb
aaaaaaaaaaaaaddddddddddddddddaaaaaaaaacccccccccccccccccaaaaaaaaaaaddddddddccccccccccdddddddaaaaaaaaaaaaaaaaaabbbbbbbbbbbbbbbbbbbbaaaaaaaaaaaabbbbbbbbbbbbbSbbbbbb
aaaaaaaaaaaaaddddddddddddddddaaaaaaaaacccccccccccccccccaaaaaaaaaaaddddddddccccccccccdddddddaaaaaaaaaaaaaaaaaabbbbbbbbbbbbbbbbbbbbaaaaaaaaaaaabbbbbbbbbbbbbbSbbbbb
aaaaaaaaaaaaaddddddddddddddddaaaaaaaaacccccccccccccccccaaaaaaaaaaaddddddddccccccccccdddddddaaaaaaaaaaaaaaaaaabbbbbbbbbbbbbbbbbbbbaaaaaaaaaaaabbbbbbbbbbbbbbbSbbbb
aaaaaaaaaaaaaddddddddddddddddaaaaaaaaacccccccccccccccccaaaaaaaaaaaddddddddccccccccccdddddddaaaaaaaaaaaaaaaaaabbbbbbbbbbbbbbbbbbbbaaaaaaaaaaaabbbbbbbbbbbbbbbbSbbb
aaaaaaaaaaaaaddddddddddddddddaaaaaaaaacccccccccccccccccaaaaaaaaaaaddddddddccccccccccdddddddaaaaaaaaaaaaaaaaaabbbbbbbbbbbbbbbbbbbbaaaaaaaaaaaabbbbbbbbbbbbbbbbbSbb
aaaaaaaaaaaaaddddddddddddddddaaaaaaaaacccccccccccccccccaaaaaaaaaaaddddddddccccccccccdddddddaaaaaaaaaaaaaaaaaabbbbbbbbbbbbbbbbbbbbaaaaaaaaaaaabbbbbbbbbbbbbbbbbbSb
aaaaaaaaaaaaaddddddddddddddddaaaaaaaaacccccccccccccccccaaaaaaaaaaaddddddddccccccccccdddddddaaaaaaaaaaaaaaaaaabbbbbbbbbbbbbbbbbbbbaaaaaaaaaaaabbbbbbbbbbbbbbbbbbbS
aaaaaaaaaaaaaddddddddddddddddaaaaaaaaacccccccccccccccccaaaaaaaaaaaddddddddccccccccccdddddddaaaaaaaaaaaaaaaaaabbbbbbbbbbbbbbbbbbbbaaaaaaaaaaaabbbbbbbbbbbbbbbbbbbF 
