Error: Turing Machine stopped abnormally or looped.
