S            aaacaa
 S           aaacaa
  S          aaacaa
   S         aaacaa
    S        aaacaa
     S       aaacaa
      S      aaacaa
       S     aaacaa
        S    aaacaa
         S   aaacaa
          S  aaacaa
           S aaacaa
            Saaacaa
            Baaacaa
            aBaacaa
            aaBacaa
            aaaBcaa
            aaacBaa
            aaacaBa
            aaacaaB 
            aaacaa D 
            aaacaa  E 
            aaacaa  Fa
