Saaaq
aQaaq
aQbaq
Qabaq
Qbbaq
bQbaq
bbQaq
bbQbq
bbbQq
bbbFa
