Smaabbcc
mSaabbcc
maSabbcc
maaSbbcc
maabSbcc
maaBbbcc
maBabbcc
mBaabbcc
Bmaabbcc
Fwaabbcc
